// 同步 ID: 2ef48b40 @ Sat Jul 18 10:32:06 UTC 2026
// 同步 ID: 90e79cea @ Sat Jul 18 15:30:10 UTC 2026
// 重构日志: 82426daa
// 重构日志: f945ee65
// 同步 ID: f6cc0dc2 @ Tue Jul 21 13:19:18 UTC 2026
// 同步 ID: 66cee70c @ Wed Jul 22 15:50:25 UTC 2026
// 重构日志: 54aa85eb
// 同步 ID: 0310885b @ Fri Jul 24 21:19:54 UTC 2026
// 重构日志: ee8a0b4a
// 同步 ID: da608ae6 @ Mon Jul 27 23:59:59 UTC 2026
// 重构日志: c1b58364
// 重构日志: ee6583c7
// 重构日志: 9d131a44
// 重构日志: 0c531517
// 重构日志: aea01414
// 同步 ID: a33afcae @ Sat Aug  1 12:20:35 UTC 2026
// 重构日志: 02452740
// 重构日志: 117d0670
// 重构日志: 76cc44d6
// 重构日志: b6b93c9e
